2026-09-09T00:00:00.000-03:00  INFO 12340 --- [ecommerce] [scheduling-1] c.d.e.service.SincronizacaoService       : Lendo VW_ECOMMERCE_PRECOS no banco de dados...
2026-09-09T00:00:00.144-03:00  INFO 12340 --- [ecommerce] [scheduling-1] c.d.e.service.SincronizacaoService       : Ciclo finalizado. Total de atualizações enviadas: 0
2026-09-09T00:00:00.144-03:00  INFO 12340 --- [ecommerce] [scheduling-1] c.d.e.s.SincronizacaoEstoqueService      : [ESTOQUE] Lendo VW_ECOMMERCE_ESTOQUE no banco de dados...
2026-09-09T00:00:00.163-03:00  INFO 12340 --- [ecommerce] [scheduling-1] c.d.e.s.SincronizacaoEstoqueService      : [ESTOQUE] Ciclo finalizado. Total de atualizações enviadas: 0
2026-09-09T00:00:59.999-03:00  INFO 12340 --- [ecommerce] [scheduling-1] c.d.e.s.SincronizacaoEstoqueService      : [ESTOQUE] Lendo VW_ECOMMERCE_ESTOQUE no banco de dados...
2026-09-09T00:01:00.091-03:00  INFO 12340 --- [ecommerce] [scheduling-1] c.d.e.s.SincronizacaoEstoqueService      : [ESTOQUE] Ciclo finalizado. Total de atualizações enviadas: 0
2026-09-09T00:01:00.091-03:00  INFO 12340 --- [ecommerce] [scheduling-1] c.d.e.service.SincronizacaoService       : Lendo VW_ECOMMERCE_PRECOS no banco de dados...
2026-09-09T00:01:00.143-03:00  INFO 12340 --- [ecommerce] [scheduling-1] c.d.e.service.SincronizacaoService       : Ciclo finalizado. Total de atualizações enviadas: 0
2026-09-09T00:02:00.000-03:00  INFO 12340 --- [ecommerce] [scheduling-1] c.d.e.s.SincronizacaoEstoqueService      : [ESTOQUE] Lendo VW_ECOMMERCE_ESTOQUE no banco de dados...
2026-09-09T00:02:00.042-03:00  INFO 12340 --- [ecommerce] [scheduling-1] c.d.e.s.SincronizacaoEstoqueService      : [ESTOQUE] Ciclo finalizado. Total de atualizações enviadas: 0
2026-09-09T00:02:00.042-03:00  INFO 12340 --- [ecommerce] [scheduling-1] c.d.e.service.SincronizacaoService       : Lendo VW_ECOMMERCE_PRECOS no banco de dados...
2026-09-09T00:02:00.087-03:00  INFO 12340 --- [ecommerce] [scheduling-1] c.d.e.service.SincronizacaoService       : Ciclo finalizado. Total de atualizações enviadas: 0
2026-09-09T00:03:00.000-03:00  INFO 12340 --- [ecommerce] [scheduling-1] c.d.e.service.SincronizacaoService       : Lendo VW_ECOMMERCE_PRECOS no banco de dados...
2026-09-09T00:03:00.126-03:00  INFO 12340 --- [ecommerce] [scheduling-1] c.d.e.service.SincronizacaoService       : Ciclo finalizado. Total de atualizações enviadas: 0
2026-09-09T00:03:00.126-03:00  INFO 12340 --- [ecommerce] [scheduling-1] c.d.e.s.SincronizacaoEstoqueService      : [ESTOQUE] Lendo VW_ECOMMERCE_ESTOQUE no banco de dados...
2026-09-09T00:03:00.149-03:00  INFO 12340 --- [ecommerce] [scheduling-1] c.d.e.s.SincronizacaoEstoqueService      : [ESTOQUE] Ciclo finalizado. Total de atualizações enviadas: 0
2026-09-09T00:04:00.000-03:00  INFO 12340 --- [ecommerce] [scheduling-1] c.d.e.s.SincronizacaoEstoqueService      : [ESTOQUE] Lendo VW_ECOMMERCE_ESTOQUE no banco de dados...
2026-09-09T00:04:00.067-03:00  INFO 12340 --- [ecommerce] [scheduling-1] c.d.e.s.SincronizacaoEstoqueService      : [ESTOQUE] Ciclo finalizado. Total de atualizações enviadas: 0
2026-09-09T00:04:00.067-03:00  INFO 12340 --- [ecommerce] [scheduling-1] c.d.e.service.SincronizacaoService       : Lendo VW_ECOMMERCE_PRECOS no banco de dados...
2026-09-09T00:04:00.156-03:00  INFO 12340 --- [ecommerce] [scheduling-1] c.d.e.service.SincronizacaoService       : Ciclo finalizado. Total de atualizações enviadas: 0
2026-09-09T00:05:00.001-03:00  INFO 12340 --- [ecommerce] [scheduling-1] c.d.e.service.SincronizacaoService       : Lendo VW_ECOMMERCE_PRECOS no banco de dados...
2026-09-09T00:05:00.098-03:00  INFO 12340 --- [ecommerce] [scheduling-1] c.d.e.service.SincronizacaoService       : Ciclo finalizado. Total de atualizações enviadas: 0
2026-09-09T00:05:00.098-03:00  INFO 12340 --- [ecommerce] [scheduling-1] c.d.e.s.SincronizacaoEstoqueService      : [ESTOQUE] Lendo VW_ECOMMERCE_ESTOQUE no banco de dados...
2026-09-09T00:05:00.130-03:00  INFO 12340 --- [ecommerce] [scheduling-1] c.d.e.s.SincronizacaoEstoqueService      : [ESTOQUE] Ciclo finalizado. Total de atualizações enviadas: 0
2026-09-09T00:06:00.000-03:00  INFO 12340 --- [ecommerce] [scheduling-1] c.d.e.service.SincronizacaoService       : Lendo VW_ECOMMERCE_PRECOS no banco de dados...
2026-09-09T00:06:00.096-03:00  INFO 12340 --- [ecommerce] [scheduling-1] c.d.e.service.SincronizacaoService       : Ciclo finalizado. Total de atualizações enviadas: 0
2026-09-09T00:06:00.096-03:00  INFO 12340 --- [ecommerce] [scheduling-1] c.d.e.s.SincronizacaoEstoqueService      : [ESTOQUE] Lendo VW_ECOMMERCE_ESTOQUE no banco de dados...
2026-09-09T00:06:00.128-03:00  INFO 12340 --- [ecommerce] [scheduling-1] c.d.e.s.SincronizacaoEstoqueService      : [ESTOQUE] Ciclo finalizado. Total de atualizações enviadas: 0
2026-09-09T00:06:59.999-03:00  INFO 12340 --- [ecommerce] [scheduling-1] c.d.e.s.SincronizacaoEstoqueService      : [ESTOQUE] Lendo VW_ECOMMERCE_ESTOQUE no banco de dados...
2026-09-09T00:07:00.061-03:00  INFO 12340 --- [ecommerce] [scheduling-1] c.d.e.s.SincronizacaoEstoqueService      : [ESTOQUE] Ciclo finalizado. Total de atualizações enviadas: 0
2026-09-09T00:07:00.062-03:00  INFO 12340 --- [ecommerce] [scheduling-1] c.d.e.service.SincronizacaoService       : Lendo VW_ECOMMERCE_PRECOS no banco de dados...
2026-09-09T00:07:00.111-03:00  INFO 12340 --- [ecommerce] [scheduling-1] c.d.e.service.SincronizacaoService       : Ciclo finalizado. Total de atualizações enviadas: 0
2026-09-09T00:07:59.999-03:00  INFO 12340 --- [ecommerce] [scheduling-1] c.d.e.s.SincronizacaoEstoqueService      : [ESTOQUE] Lendo VW_ECOMMERCE_ESTOQUE no banco de dados...
2026-09-09T00:08:00.084-03:00  INFO 12340 --- [ecommerce] [scheduling-1] c.d.e.s.SincronizacaoEstoqueService      : [ESTOQUE] Ciclo finalizado. Total de atualizações enviadas: 0
2026-09-09T00:08:00.084-03:00  INFO 12340 --- [ecommerce] [scheduling-1] c.d.e.service.SincronizacaoService       : Lendo VW_ECOMMERCE_PRECOS no banco de dados...
2026-09-09T00:08:00.127-03:00  INFO 12340 --- [ecommerce] [scheduling-1] c.d.e.service.SincronizacaoService       : Ciclo finalizado. Total de atualizações enviadas: 0
2026-09-09T00:09:00.000-03:00  INFO 12340 --- [ecommerce] [scheduling-1] c.d.e.service.SincronizacaoService       : Lendo VW_ECOMMERCE_PRECOS no banco de dados...
2026-09-09T00:09:00.051-03:00  INFO 12340 --- [ecommerce] [scheduling-1] c.d.e.service.SincronizacaoService       : Ciclo finalizado. Total de atualizações enviadas: 0
2026-09-09T00:09:00.051-03:00  INFO 12340 --- [ecommerce] [scheduling-1] c.d.e.s.SincronizacaoEstoqueService      : [ESTOQUE] Lendo VW_ECOMMERCE_ESTOQUE no banco de dados...
2026-09-09T00:09:00.083-03:00  INFO 12340 --- [ecommerce] [scheduling-1] c.d.e.s.SincronizacaoEstoqueService      : [ESTOQUE] Ciclo finalizado. Total de atualizações enviadas: 0
2026-09-09T00:10:00.001-03:00  INFO 12340 --- [ecommerce] [scheduling-1] c.d.e.s.SincronizacaoEstoqueService      : [ESTOQUE] Lendo VW_ECOMMERCE_ESTOQUE no banco de dados...
2026-09-09T00:10:00.048-03:00  INFO 12340 --- [ecommerce] [scheduling-1] c.d.e.s.SincronizacaoEstoqueService      : [ESTOQUE] Ciclo finalizado. Total de atualizações enviadas: 0
2026-09-09T00:10:00.050-03:00  INFO 12340 --- [ecommerce] [scheduling-1] c.d.e.service.SincronizacaoService       : Lendo VW_ECOMMERCE_PRECOS no banco de dados...
2026-09-09T00:10:00.096-03:00  INFO 12340 --- [ecommerce] [scheduling-1] c.d.e.service.SincronizacaoService       : Ciclo finalizado. Total de atualizações enviadas: 0
2026-09-09T00:11:00.000-03:00  INFO 12340 --- [ecommerce] [scheduling-1] c.d.e.s.SincronizacaoEstoqueService      : [ESTOQUE] Lendo VW_ECOMMERCE_ESTOQUE no banco de dados...
2026-09-09T00:11:00.072-03:00  INFO 12340 --- [ecommerce] [scheduling-1] c.d.e.s.SincronizacaoEstoqueService      : [ESTOQUE] Ciclo finalizado. Total de atualizações enviadas: 0
2026-09-09T00:11:00.072-03:00  INFO 12340 --- [ecommerce] [scheduling-1] c.d.e.service.SincronizacaoService       : Lendo VW_ECOMMERCE_PRECOS no banco de dados...
2026-09-09T00:11:00.121-03:00  INFO 12340 --- [ecommerce] [scheduling-1] c.d.e.service.SincronizacaoService       : Ciclo finalizado. Total de atualizações enviadas: 0
2026-09-09T00:12:00.000-03:00  INFO 12340 --- [ecommerce] [scheduling-1] c.d.e.service.SincronizacaoService       : Lendo VW_ECOMMERCE_PRECOS no banco de dados...
2026-09-09T00:12:00.090-03:00  INFO 12340 --- [ecommerce] [scheduling-1] c.d.e.service.SincronizacaoService       : Ciclo finalizado. Total de atualizações enviadas: 0
2026-09-09T00:12:00.090-03:00  INFO 12340 --- [ecommerce] [scheduling-1] c.d.e.s.SincronizacaoEstoqueService      : [ESTOQUE] Lendo VW_ECOMMERCE_ESTOQUE no banco de dados...
2026-09-09T00:12:00.123-03:00  INFO 12340 --- [ecommerce] [scheduling-1] c.d.e.s.SincronizacaoEstoqueService      : [ESTOQUE] Ciclo finalizado. Total de atualizações enviadas: 0
2026-09-09T00:13:00.000-03:00  INFO 12340 --- [ecommerce] [scheduling-1] c.d.e.s.SincronizacaoEstoqueService      : [ESTOQUE] Lendo VW_ECOMMERCE_ESTOQUE no banco de dados...
2026-09-09T00:13:00.048-03:00  INFO 12340 --- [ecommerce] [scheduling-1] c.d.e.s.SincronizacaoEstoqueService      : [ESTOQUE] Ciclo finalizado. Total de atualizações enviadas: 0
2026-09-09T00:13:00.049-03:00  INFO 12340 --- [ecommerce] [scheduling-1] c.d.e.service.SincronizacaoService       : Lendo VW_ECOMMERCE_PRECOS no banco de dados...
2026-09-09T00:13:00.097-03:00  INFO 12340 --- [ecommerce] [scheduling-1] c.d.e.service.SincronizacaoService       : Ciclo finalizado. Total de atualizações enviadas: 0
2026-09-09T00:13:59.999-03:00  INFO 12340 --- [ecommerce] [scheduling-1] c.d.e.s.SincronizacaoEstoqueService      : [ESTOQUE] Lendo VW_ECOMMERCE_ESTOQUE no banco de dados...
2026-09-09T00:14:00.080-03:00  INFO 12340 --- [ecommerce] [scheduling-1] c.d.e.s.SincronizacaoEstoqueService      : [ESTOQUE] Ciclo finalizado. Total de atualizações enviadas: 0
2026-09-09T00:14:00.080-03:00  INFO 12340 --- [ecommerce] [scheduling-1] c.d.e.service.SincronizacaoService       : Lendo VW_ECOMMERCE_PRECOS no banco de dados...
2026-09-09T00:14:00.134-03:00  INFO 12340 --- [ecommerce] [scheduling-1] c.d.e.service.SincronizacaoService       : Ciclo finalizado. Total de atualizações enviadas: 0
2026-09-09T00:15:00.001-03:00  INFO 12340 --- [ecommerce] [scheduling-1] c.d.e.s.SincronizacaoEstoqueService      : [ESTOQUE] Lendo VW_ECOMMERCE_ESTOQUE no banco de dados...
2026-09-09T00:15:00.089-03:00  INFO 12340 --- [ecommerce] [scheduling-1] c.d.e.s.SincronizacaoEstoqueService      : [ESTOQUE] Ciclo finalizado. Total de atualizações enviadas: 0
2026-09-09T00:15:00.090-03:00  INFO 12340 --- [ecommerce] [scheduling-1] c.d.e.service.SincronizacaoService       : Lendo VW_ECOMMERCE_PRECOS no banco de dados...
2026-09-09T00:15:00.136-03:00  INFO 12340 --- [ecommerce] [scheduling-1] c.d.e.service.SincronizacaoService       : Ciclo finalizado. Total de atualizações enviadas: 0
2026-09-09T00:16:00.000-03:00  INFO 12340 --- [ecommerce] [scheduling-1] c.d.e.s.SincronizacaoEstoqueService      : [ESTOQUE] Lendo VW_ECOMMERCE_ESTOQUE no banco de dados...
2026-09-09T00:16:00.046-03:00  INFO 12340 --- [ecommerce] [scheduling-1] c.d.e.s.SincronizacaoEstoqueService      : [ESTOQUE] Ciclo finalizado. Total de atualizações enviadas: 0
2026-09-09T00:16:00.046-03:00  INFO 12340 --- [ecommerce] [scheduling-1] c.d.e.service.SincronizacaoService       : Lendo VW_ECOMMERCE_PRECOS no banco de dados...
2026-09-09T00:16:00.100-03:00  INFO 12340 --- [ecommerce] [scheduling-1] c.d.e.service.SincronizacaoService       : Ciclo finalizado. Total de atualizações enviadas: 0
2026-09-09T00:17:00.000-03:00  INFO 12340 --- [ecommerce] [scheduling-1] c.d.e.service.SincronizacaoService       : Lendo VW_ECOMMERCE_PRECOS no banco de dados...
2026-09-09T00:17:00.093-03:00  INFO 12340 --- [ecommerce] [scheduling-1] c.d.e.service.SincronizacaoService       : Ciclo finalizado. Total de atualizações enviadas: 0
2026-09-09T00:17:00.093-03:00  INFO 12340 --- [ecommerce] [scheduling-1] c.d.e.s.SincronizacaoEstoqueService      : [ESTOQUE] Lendo VW_ECOMMERCE_ESTOQUE no banco de dados...
2026-09-09T00:17:00.124-03:00  INFO 12340 --- [ecommerce] [scheduling-1] c.d.e.s.SincronizacaoEstoqueService      : [ESTOQUE] Ciclo finalizado. Total de atualizações enviadas: 0
2026-09-09T00:18:00.001-03:00  INFO 12340 --- [ecommerce] [scheduling-1] c.d.e.service.SincronizacaoService       : Lendo VW_ECOMMERCE_PRECOS no banco de dados...
2026-09-09T00:18:00.057-03:00  INFO 12340 --- [ecommerce] [scheduling-1] c.d.e.service.SincronizacaoService       : Ciclo finalizado. Total de atualizações enviadas: 0
2026-09-09T00:18:00.057-03:00  INFO 12340 --- [ecommerce] [scheduling-1] c.d.e.s.SincronizacaoEstoqueService      : [ESTOQUE] Lendo VW_ECOMMERCE_ESTOQUE no banco de dados...
2026-09-09T00:18:00.090-03:00  INFO 12340 --- [ecommerce] [scheduling-1] c.d.e.s.SincronizacaoEstoqueService      : [ESTOQUE] Ciclo finalizado. Total de atualizações enviadas: 0
2026-09-09T00:19:00.000-03:00  INFO 12340 --- [ecommerce] [scheduling-1] c.d.e.service.SincronizacaoService       : Lendo VW_ECOMMERCE_PRECOS no banco de dados...
2026-09-09T00:19:00.090-03:00  INFO 12340 --- [ecommerce] [scheduling-1] c.d.e.service.SincronizacaoService       : Ciclo finalizado. Total de atualizações enviadas: 0
2026-09-09T00:19:00.090-03:00  INFO 12340 --- [ecommerce] [scheduling-1] c.d.e.s.SincronizacaoEstoqueService      : [ESTOQUE] Lendo VW_ECOMMERCE_ESTOQUE no banco de dados...
2026-09-09T00:19:00.118-03:00  INFO 12340 --- [ecommerce] [scheduling-1] c.d.e.s.SincronizacaoEstoqueService      : [ESTOQUE] Ciclo finalizado. Total de atualizações enviadas: 0
2026-09-09T00:19:59.999-03:00  INFO 12340 --- [ecommerce] [scheduling-1] c.d.e.service.SincronizacaoService       : Lendo VW_ECOMMERCE_PRECOS no banco de dados...
2026-09-09T00:20:00.051-03:00  INFO 12340 --- [ecommerce] [scheduling-1] c.d.e.service.SincronizacaoService       : Ciclo finalizado. Total de atualizações enviadas: 0
2026-09-09T00:20:00.051-03:00  INFO 12340 --- [ecommerce] [scheduling-1] c.d.e.s.SincronizacaoEstoqueService      : [ESTOQUE] Lendo VW_ECOMMERCE_ESTOQUE no banco de dados...
2026-09-09T00:20:00.084-03:00  INFO 12340 --- [ecommerce] [scheduling-1] c.d.e.s.SincronizacaoEstoqueService      : [ESTOQUE] Ciclo finalizado. Total de atualizações enviadas: 0
2026-09-09T00:21:00.000-03:00  INFO 12340 --- [ecommerce] [scheduling-1] c.d.e.s.SincronizacaoEstoqueService      : [ESTOQUE] Lendo VW_ECOMMERCE_ESTOQUE no banco de dados...
2026-09-09T00:21:00.063-03:00  INFO 12340 --- [ecommerce] [scheduling-1] c.d.e.s.SincronizacaoEstoqueService      : [ESTOQUE] Ciclo finalizado. Total de atualizações enviadas: 0
2026-09-09T00:21:00.063-03:00  INFO 12340 --- [ecommerce] [scheduling-1] c.d.e.service.SincronizacaoService       : Lendo VW_ECOMMERCE_PRECOS no banco de dados...
2026-09-09T00:21:00.109-03:00  INFO 12340 --- [ecommerce] [scheduling-1] c.d.e.service.SincronizacaoService       : Ciclo finalizado. Total de atualizações enviadas: 0
2026-09-09T00:22:00.001-03:00  INFO 12340 --- [ecommerce] [scheduling-1] c.d.e.s.SincronizacaoEstoqueService      : [ESTOQUE] Lendo VW_ECOMMERCE_ESTOQUE no banco de dados...
2026-09-09T00:22:00.100-03:00  INFO 12340 --- [ecommerce] [scheduling-1] c.d.e.s.SincronizacaoEstoqueService      : [ESTOQUE] Ciclo finalizado. Total de atualizações enviadas: 0
2026-09-09T00:22:00.100-03:00  INFO 12340 --- [ecommerce] [scheduling-1] c.d.e.service.SincronizacaoService       : Lendo VW_ECOMMERCE_PRECOS no banco de dados...
2026-09-09T00:22:00.146-03:00  INFO 12340 --- [ecommerce] [scheduling-1] c.d.e.service.SincronizacaoService       : Ciclo finalizado. Total de atualizações enviadas: 0
2026-09-09T00:23:00.000-03:00  INFO 12340 --- [ecommerce] [scheduling-1] c.d.e.service.SincronizacaoService       : Lendo VW_ECOMMERCE_PRECOS no banco de dados...
2026-09-09T00:23:00.093-03:00  INFO 12340 --- [ecommerce] [scheduling-1] c.d.e.service.SincronizacaoService       : Ciclo finalizado. Total de atualizações enviadas: 0
2026-09-09T00:23:00.093-03:00  INFO 12340 --- [ecommerce] [scheduling-1] c.d.e.s.SincronizacaoEstoqueService      : [ESTOQUE] Lendo VW_ECOMMERCE_ESTOQUE no banco de dados...
2026-09-09T00:23:00.125-03:00  INFO 12340 --- [ecommerce] [scheduling-1] c.d.e.s.SincronizacaoEstoqueService      : [ESTOQUE] Ciclo finalizado. Total de atualizações enviadas: 0
2026-09-09T00:24:00.001-03:00  INFO 12340 --- [ecommerce] [scheduling-1] c.d.e.s.SincronizacaoEstoqueService      : [ESTOQUE] Lendo VW_ECOMMERCE_ESTOQUE no banco de dados...
2026-09-09T00:24:00.041-03:00  INFO 12340 --- [ecommerce] [scheduling-1] c.d.e.s.SincronizacaoEstoqueService      : [ESTOQUE] Ciclo finalizado. Total de atualizações enviadas: 0
2026-09-09T00:24:00.042-03:00  INFO 12340 --- [ecommerce] [scheduling-1] c.d.e.service.SincronizacaoService       : Lendo VW_ECOMMERCE_PRECOS no banco de dados...
2026-09-09T00:24:00.086-03:00  INFO 12340 --- [ecommerce] [scheduling-1] c.d.e.service.SincronizacaoService       : Ciclo finalizado. Total de atualizações enviadas: 0
2026-09-09T00:25:00.000-03:00  INFO 12340 --- [ecommerce] [scheduling-1] c.d.e.s.SincronizacaoEstoqueService      : [ESTOQUE] Lendo VW_ECOMMERCE_ESTOQUE no banco de dados...
2026-09-09T00:25:00.081-03:00  INFO 12340 --- [ecommerce] [scheduling-1] c.d.e.s.SincronizacaoEstoqueService      : [ESTOQUE] Ciclo finalizado. Total de atualizações enviadas: 0
2026-09-09T00:25:00.081-03:00  INFO 12340 --- [ecommerce] [scheduling-1] c.d.e.service.SincronizacaoService       : Lendo VW_ECOMMERCE_PRECOS no banco de dados...
2026-09-09T00:25:00.126-03:00  INFO 12340 --- [ecommerce] [scheduling-1] c.d.e.service.SincronizacaoService       : Ciclo finalizado. Total de atualizações enviadas: 0
2026-09-09T00:26:00.000-03:00  INFO 12340 --- [ecommerce] [scheduling-1] c.d.e.s.SincronizacaoEstoqueService      : [ESTOQUE] Lendo VW_ECOMMERCE_ESTOQUE no banco de dados...
2026-09-09T00:26:00.076-03:00  INFO 12340 --- [ecommerce] [scheduling-1] c.d.e.s.SincronizacaoEstoqueService      : [ESTOQUE] Ciclo finalizado. Total de atualizações enviadas: 0
2026-09-09T00:26:00.076-03:00  INFO 12340 --- [ecommerce] [scheduling-1] c.d.e.service.SincronizacaoService       : Lendo VW_ECOMMERCE_PRECOS no banco de dados...
2026-09-09T00:26:00.120-03:00  INFO 12340 --- [ecommerce] [scheduling-1] c.d.e.service.SincronizacaoService       : Ciclo finalizado. Total de atualizações enviadas: 0
2026-09-09T00:27:00.000-03:00  INFO 12340 --- [ecommerce] [scheduling-1] c.d.e.service.SincronizacaoService       : Lendo VW_ECOMMERCE_PRECOS no banco de dados...
2026-09-09T00:27:00.060-03:00  INFO 12340 --- [ecommerce] [scheduling-1] c.d.e.service.SincronizacaoService       : Ciclo finalizado. Total de atualizações enviadas: 0
2026-09-09T00:27:00.060-03:00  INFO 12340 --- [ecommerce] [scheduling-1] c.d.e.s.SincronizacaoEstoqueService      : [ESTOQUE] Lendo VW_ECOMMERCE_ESTOQUE no banco de dados...
2026-09-09T00:27:00.092-03:00  INFO 12340 --- [ecommerce] [scheduling-1] c.d.e.s.SincronizacaoEstoqueService      : [ESTOQUE] Ciclo finalizado. Total de atualizações enviadas: 0
2026-09-09T00:28:00.000-03:00  INFO 12340 --- [ecommerce] [scheduling-1] c.d.e.s.SincronizacaoEstoqueService      : [ESTOQUE] Lendo VW_ECOMMERCE_ESTOQUE no banco de dados...
2026-09-09T00:28:00.090-03:00  INFO 12340 --- [ecommerce] [scheduling-1] c.d.e.s.SincronizacaoEstoqueService      : [ESTOQUE] Ciclo finalizado. Total de atualizações enviadas: 0
2026-09-09T00:28:00.090-03:00  INFO 12340 --- [ecommerce] [scheduling-1] c.d.e.service.SincronizacaoService       : Lendo VW_ECOMMERCE_PRECOS no banco de dados...
2026-09-09T00:28:00.135-03:00  INFO 12340 --- [ecommerce] [scheduling-1] c.d.e.service.SincronizacaoService       : Ciclo finalizado. Total de atualizações enviadas: 0
2026-09-09T00:28:59.999-03:00  INFO 12340 --- [ecommerce] [scheduling-1] c.d.e.service.SincronizacaoService       : Lendo VW_ECOMMERCE_PRECOS no banco de dados...
2026-09-09T00:29:00.104-03:00  INFO 12340 --- [ecommerce] [scheduling-1] c.d.e.service.SincronizacaoService       : Ciclo finalizado. Total de atualizações enviadas: 0
2026-09-09T00:29:00.104-03:00  INFO 12340 --- [ecommerce] [scheduling-1] c.d.e.s.SincronizacaoEstoqueService      : [ESTOQUE] Lendo VW_ECOMMERCE_ESTOQUE no banco de dados...
2026-09-09T00:29:00.130-03:00  INFO 12340 --- [ecommerce] [scheduling-1] c.d.e.s.SincronizacaoEstoqueService      : [ESTOQUE] Ciclo finalizado. Total de atualizações enviadas: 0
2026-09-09T00:30:00.000-03:00  INFO 12340 --- [ecommerce] [scheduling-1] c.d.e.service.SincronizacaoService       : Lendo VW_ECOMMERCE_PRECOS no banco de dados...
2026-09-09T00:30:00.051-03:00  INFO 12340 --- [ecommerce] [scheduling-1] c.d.e.service.SincronizacaoService       : Ciclo finalizado. Total de atualizações enviadas: 0
2026-09-09T00:30:00.051-03:00  INFO 12340 --- [ecommerce] [scheduling-1] c.d.e.s.SincronizacaoEstoqueService      : [ESTOQUE] Lendo VW_ECOMMERCE_ESTOQUE no banco de dados...
2026-09-09T00:30:00.084-03:00  INFO 12340 --- [ecommerce] [scheduling-1] c.d.e.s.SincronizacaoEstoqueService      : [ESTOQUE] Ciclo finalizado. Total de atualizações enviadas: 0
2026-09-09T00:31:00.000-03:00  INFO 12340 --- [ecommerce] [scheduling-1] c.d.e.s.SincronizacaoEstoqueService      : [ESTOQUE] Lendo VW_ECOMMERCE_ESTOQUE no banco de dados...
2026-09-09T00:31:00.092-03:00  INFO 12340 --- [ecommerce] [scheduling-1] c.d.e.s.SincronizacaoEstoqueService      : [ESTOQUE] Ciclo finalizado. Total de atualizações enviadas: 0
2026-09-09T00:31:00.092-03:00  INFO 12340 --- [ecommerce] [scheduling-1] c.d.e.service.SincronizacaoService       : Lendo VW_ECOMMERCE_PRECOS no banco de dados...
2026-09-09T00:31:00.141-03:00  INFO 12340 --- [ecommerce] [scheduling-1] c.d.e.service.SincronizacaoService       : Ciclo finalizado. Total de atualizações enviadas: 0
2026-09-09T00:31:59.999-03:00  INFO 12340 --- [ecommerce] [scheduling-1] c.d.e.s.SincronizacaoEstoqueService      : [ESTOQUE] Lendo VW_ECOMMERCE_ESTOQUE no banco de dados...
2026-09-09T00:32:00.082-03:00  INFO 12340 --- [ecommerce] [scheduling-1] c.d.e.s.SincronizacaoEstoqueService      : [ESTOQUE] Ciclo finalizado. Total de atualizações enviadas: 0
2026-09-09T00:32:00.082-03:00  INFO 12340 --- [ecommerce] [scheduling-1] c.d.e.service.SincronizacaoService       : Lendo VW_ECOMMERCE_PRECOS no banco de dados...
2026-09-09T00:32:00.127-03:00  INFO 12340 --- [ecommerce] [scheduling-1] c.d.e.service.SincronizacaoService       : Ciclo finalizado. Total de atualizações enviadas: 0
2026-09-09T00:33:00.000-03:00  INFO 12340 --- [ecommerce] [scheduling-1] c.d.e.service.SincronizacaoService       : Lendo VW_ECOMMERCE_PRECOS no banco de dados...
2026-09-09T00:33:00.053-03:00  INFO 12340 --- [ecommerce] [scheduling-1] c.d.e.service.SincronizacaoService       : Ciclo finalizado. Total de atualizações enviadas: 0
2026-09-09T00:33:00.053-03:00  INFO 12340 --- [ecommerce] [scheduling-1] c.d.e.s.SincronizacaoEstoqueService      : [ESTOQUE] Lendo VW_ECOMMERCE_ESTOQUE no banco de dados...
2026-09-09T00:33:00.075-03:00  INFO 12340 --- [ecommerce] [scheduling-1] c.d.e.s.SincronizacaoEstoqueService      : [ESTOQUE] Ciclo finalizado. Total de atualizações enviadas: 0
2026-09-09T00:34:00.000-03:00  INFO 12340 --- [ecommerce] [scheduling-1] c.d.e.s.SincronizacaoEstoqueService      : [ESTOQUE] Lendo VW_ECOMMERCE_ESTOQUE no banco de dados...
2026-09-09T00:34:00.074-03:00  INFO 12340 --- [ecommerce] [scheduling-1] c.d.e.s.SincronizacaoEstoqueService      : [ESTOQUE] Ciclo finalizado. Total de atualizações enviadas: 0
2026-09-09T00:34:00.074-03:00  INFO 12340 --- [ecommerce] [scheduling-1] c.d.e.service.SincronizacaoService       : Lendo VW_ECOMMERCE_PRECOS no banco de dados...
2026-09-09T00:34:00.117-03:00  INFO 12340 --- [ecommerce] [scheduling-1] c.d.e.service.SincronizacaoService       : Ciclo finalizado. Total de atualizações enviadas: 0
2026-09-09T00:35:00.001-03:00  INFO 12340 --- [ecommerce] [scheduling-1] c.d.e.s.SincronizacaoEstoqueService      : [ESTOQUE] Lendo VW_ECOMMERCE_ESTOQUE no banco de dados...
2026-09-09T00:35:00.027-03:00  INFO 12340 --- [ecommerce] [scheduling-1] c.d.e.s.SincronizacaoEstoqueService      : [ESTOQUE] Ciclo finalizado. Total de atualizações enviadas: 0
2026-09-09T00:35:00.027-03:00  INFO 12340 --- [ecommerce] [scheduling-1] c.d.e.service.SincronizacaoService       : Lendo VW_ECOMMERCE_PRECOS no banco de dados...
2026-09-09T00:35:00.076-03:00  INFO 12340 --- [ecommerce] [scheduling-1] c.d.e.service.SincronizacaoService       : Ciclo finalizado. Total de atualizações enviadas: 0
2026-09-09T00:36:00.000-03:00  INFO 12340 --- [ecommerce] [scheduling-1] c.d.e.s.SincronizacaoEstoqueService      : [ESTOQUE] Lendo VW_ECOMMERCE_ESTOQUE no banco de dados...
2026-09-09T00:36:00.090-03:00  INFO 12340 --- [ecommerce] [scheduling-1] c.d.e.s.SincronizacaoEstoqueService      : [ESTOQUE] Ciclo finalizado. Total de atualizações enviadas: 0
2026-09-09T00:36:00.090-03:00  INFO 12340 --- [ecommerce] [scheduling-1] c.d.e.service.SincronizacaoService       : Lendo VW_ECOMMERCE_PRECOS no banco de dados...
2026-09-09T00:36:00.155-03:00  INFO 12340 --- [ecommerce] [scheduling-1] c.d.e.service.SincronizacaoService       : Ciclo finalizado. Total de atualizações enviadas: 0
2026-09-09T00:37:00.000-03:00  INFO 12340 --- [ecommerce] [scheduling-1] c.d.e.service.SincronizacaoService       : Lendo VW_ECOMMERCE_PRECOS no banco de dados...
2026-09-09T00:37:00.093-03:00  INFO 12340 --- [ecommerce] [scheduling-1] c.d.e.service.SincronizacaoService       : Ciclo finalizado. Total de atualizações enviadas: 0
2026-09-09T00:37:00.093-03:00  INFO 12340 --- [ecommerce] [scheduling-1] c.d.e.s.SincronizacaoEstoqueService      : [ESTOQUE] Lendo VW_ECOMMERCE_ESTOQUE no banco de dados...
2026-09-09T00:37:00.131-03:00  INFO 12340 --- [ecommerce] [scheduling-1] c.d.e.s.SincronizacaoEstoqueService      : [ESTOQUE] Ciclo finalizado. Total de atualizações enviadas: 0
2026-09-09T00:38:00.001-03:00  INFO 12340 --- [ecommerce] [scheduling-1] c.d.e.service.SincronizacaoService       : Lendo VW_ECOMMERCE_PRECOS no banco de dados...
2026-09-09T00:38:00.106-03:00  INFO 12340 --- [ecommerce] [scheduling-1] c.d.e.service.SincronizacaoService       : Ciclo finalizado. Total de atualizações enviadas: 0
2026-09-09T00:38:00.106-03:00  INFO 12340 --- [ecommerce] [scheduling-1] c.d.e.s.SincronizacaoEstoqueService      : [ESTOQUE] Lendo VW_ECOMMERCE_ESTOQUE no banco de dados...
2026-09-09T00:38:00.138-03:00  INFO 12340 --- [ecommerce] [scheduling-1] c.d.e.s.SincronizacaoEstoqueService      : [ESTOQUE] Ciclo finalizado. Total de atualizações enviadas: 0
2026-09-09T00:39:00.000-03:00  INFO 12340 --- [ecommerce] [scheduling-1] c.d.e.service.SincronizacaoService       : Lendo VW_ECOMMERCE_PRECOS no banco de dados...
2026-09-09T00:39:00.078-03:00  INFO 12340 --- [ecommerce] [scheduling-1] c.d.e.service.SincronizacaoService       : Ciclo finalizado. Total de atualizações enviadas: 0
2026-09-09T00:39:00.078-03:00  INFO 12340 --- [ecommerce] [scheduling-1] c.d.e.s.SincronizacaoEstoqueService      : [ESTOQUE] Lendo VW_ECOMMERCE_ESTOQUE no banco de dados...
2026-09-09T00:39:00.099-03:00  INFO 12340 --- [ecommerce] [scheduling-1] c.d.e.s.SincronizacaoEstoqueService      : [ESTOQUE] Ciclo finalizado. Total de atualizações enviadas: 0
2026-09-09T00:39:59.999-03:00  INFO 12340 --- [ecommerce] [scheduling-1] c.d.e.s.SincronizacaoEstoqueService      : [ESTOQUE] Lendo VW_ECOMMERCE_ESTOQUE no banco de dados...
2026-09-09T00:40:00.098-03:00  INFO 12340 --- [ecommerce] [scheduling-1] c.d.e.s.SincronizacaoEstoqueService      : [ESTOQUE] Ciclo finalizado. Total de atualizações enviadas: 0
2026-09-09T00:40:00.098-03:00  INFO 12340 --- [ecommerce] [scheduling-1] c.d.e.service.SincronizacaoService       : Lendo VW_ECOMMERCE_PRECOS no banco de dados...
2026-09-09T00:40:00.145-03:00  INFO 12340 --- [ecommerce] [scheduling-1] c.d.e.service.SincronizacaoService       : Ciclo finalizado. Total de atualizações enviadas: 0
2026-09-09T00:41:00.000-03:00  INFO 12340 --- [ecommerce] [scheduling-1] c.d.e.s.SincronizacaoEstoqueService      : [ESTOQUE] Lendo VW_ECOMMERCE_ESTOQUE no banco de dados...
2026-09-09T00:41:00.038-03:00  INFO 12340 --- [ecommerce] [scheduling-1] c.d.e.s.SincronizacaoEstoqueService      : [ESTOQUE] Ciclo finalizado. Total de atualizações enviadas: 0
2026-09-09T00:41:00.038-03:00  INFO 12340 --- [ecommerce] [scheduling-1] c.d.e.service.SincronizacaoService       : Lendo VW_ECOMMERCE_PRECOS no banco de dados...
2026-09-09T00:41:00.084-03:00  INFO 12340 --- [ecommerce] [scheduling-1] c.d.e.service.SincronizacaoService       : Ciclo finalizado. Total de atualizações enviadas: 0
2026-09-09T00:42:00.000-03:00  INFO 12340 --- [ecommerce] [scheduling-1] c.d.e.s.SincronizacaoEstoqueService      : [ESTOQUE] Lendo VW_ECOMMERCE_ESTOQUE no banco de dados...
2026-09-09T00:42:00.057-03:00  INFO 12340 --- [ecommerce] [scheduling-1] c.d.e.s.SincronizacaoEstoqueService      : [ESTOQUE] Ciclo finalizado. Total de atualizações enviadas: 0
2026-09-09T00:42:00.057-03:00  INFO 12340 --- [ecommerce] [scheduling-1] c.d.e.service.SincronizacaoService       : Lendo VW_ECOMMERCE_PRECOS no banco de dados...
2026-09-09T00:42:00.103-03:00  INFO 12340 --- [ecommerce] [scheduling-1] c.d.e.service.SincronizacaoService       : Ciclo finalizado. Total de atualizações enviadas: 0
2026-09-09T00:43:00.001-03:00  INFO 12340 --- [ecommerce] [scheduling-1] c.d.e.s.SincronizacaoEstoqueService      : [ESTOQUE] Lendo VW_ECOMMERCE_ESTOQUE no banco de dados...
2026-09-09T00:43:00.105-03:00  INFO 12340 --- [ecommerce] [scheduling-1] c.d.e.s.SincronizacaoEstoqueService      : [ESTOQUE] Ciclo finalizado. Total de atualizações enviadas: 0
2026-09-09T00:43:00.105-03:00  INFO 12340 --- [ecommerce] [scheduling-1] c.d.e.service.SincronizacaoService       : Lendo VW_ECOMMERCE_PRECOS no banco de dados...
2026-09-09T00:43:00.153-03:00  INFO 12340 --- [ecommerce] [scheduling-1] c.d.e.service.SincronizacaoService       : Ciclo finalizado. Total de atualizações enviadas: 0
2026-09-09T00:44:00.000-03:00  INFO 12340 --- [ecommerce] [scheduling-1] c.d.e.service.SincronizacaoService       : Lendo VW_ECOMMERCE_PRECOS no banco de dados...
2026-09-09T00:44:00.077-03:00  INFO 12340 --- [ecommerce] [scheduling-1] c.d.e.service.SincronizacaoService       : Ciclo finalizado. Total de atualizações enviadas: 0
2026-09-09T00:44:00.077-03:00  INFO 12340 --- [ecommerce] [scheduling-1] c.d.e.s.SincronizacaoEstoqueService      : [ESTOQUE] Lendo VW_ECOMMERCE_ESTOQUE no banco de dados...
2026-09-09T00:44:00.110-03:00  INFO 12340 --- [ecommerce] [scheduling-1] c.d.e.s.SincronizacaoEstoqueService      : [ESTOQUE] Ciclo finalizado. Total de atualizações enviadas: 0
2026-09-09T00:44:59.999-03:00  INFO 12340 --- [ecommerce] [scheduling-1] c.d.e.s.SincronizacaoEstoqueService      : [ESTOQUE] Lendo VW_ECOMMERCE_ESTOQUE no banco de dados...
2026-09-09T00:45:00.031-03:00  INFO 12340 --- [ecommerce] [scheduling-1] c.d.e.s.SincronizacaoEstoqueService      : [ESTOQUE] Ciclo finalizado. Total de atualizações enviadas: 0
2026-09-09T00:45:00.031-03:00  INFO 12340 --- [ecommerce] [scheduling-1] c.d.e.service.SincronizacaoService       : Lendo VW_ECOMMERCE_PRECOS no banco de dados...
2026-09-09T00:45:00.080-03:00  INFO 12340 --- [ecommerce] [scheduling-1] c.d.e.service.SincronizacaoService       : Ciclo finalizado. Total de atualizações enviadas: 0
2026-09-09T00:46:00.000-03:00  INFO 12340 --- [ecommerce] [scheduling-1] c.d.e.service.SincronizacaoService       : Lendo VW_ECOMMERCE_PRECOS no banco de dados...
2026-09-09T00:46:00.078-03:00  INFO 12340 --- [ecommerce] [scheduling-1] c.d.e.service.SincronizacaoService       : Ciclo finalizado. Total de atualizações enviadas: 0
2026-09-09T00:46:00.078-03:00  INFO 12340 --- [ecommerce] [scheduling-1] c.d.e.s.SincronizacaoEstoqueService      : [ESTOQUE] Lendo VW_ECOMMERCE_ESTOQUE no banco de dados...
2026-09-09T00:46:00.111-03:00  INFO 12340 --- [ecommerce] [scheduling-1] c.d.e.s.SincronizacaoEstoqueService      : [ESTOQUE] Ciclo finalizado. Total de atualizações enviadas: 0
2026-09-09T00:47:00.000-03:00  INFO 12340 --- [ecommerce] [scheduling-1] c.d.e.s.SincronizacaoEstoqueService      : [ESTOQUE] Lendo VW_ECOMMERCE_ESTOQUE no banco de dados...
2026-09-09T00:47:00.066-03:00  INFO 12340 --- [ecommerce] [scheduling-1] c.d.e.s.SincronizacaoEstoqueService      : [ESTOQUE] Ciclo finalizado. Total de atualizações enviadas: 0
2026-09-09T00:47:00.066-03:00  INFO 12340 --- [ecommerce] [scheduling-1] c.d.e.service.SincronizacaoService       : Lendo VW_ECOMMERCE_PRECOS no banco de dados...
2026-09-09T00:47:00.113-03:00  INFO 12340 --- [ecommerce] [scheduling-1] c.d.e.service.SincronizacaoService       : Ciclo finalizado. Total de atualizações enviadas: 0
2026-09-09T00:48:00.000-03:00  INFO 12340 --- [ecommerce] [scheduling-1] c.d.e.service.SincronizacaoService       : Lendo VW_ECOMMERCE_PRECOS no banco de dados...
2026-09-09T00:48:00.052-03:00  INFO 12340 --- [ecommerce] [scheduling-1] c.d.e.service.SincronizacaoService       : Ciclo finalizado. Total de atualizações enviadas: 0
2026-09-09T00:48:00.052-03:00  INFO 12340 --- [ecommerce] [scheduling-1] c.d.e.s.SincronizacaoEstoqueService      : [ESTOQUE] Lendo VW_ECOMMERCE_ESTOQUE no banco de dados...
2026-09-09T00:48:00.085-03:00  INFO 12340 --- [ecommerce] [scheduling-1] c.d.e.s.SincronizacaoEstoqueService      : [ESTOQUE] Ciclo finalizado. Total de atualizações enviadas: 0
2026-09-09T00:48:59.999-03:00  INFO 12340 --- [ecommerce] [scheduling-1] c.d.e.s.SincronizacaoEstoqueService      : [ESTOQUE] Lendo VW_ECOMMERCE_ESTOQUE no banco de dados...
2026-09-09T00:49:00.048-03:00  INFO 12340 --- [ecommerce] [scheduling-1] c.d.e.s.SincronizacaoEstoqueService      : [ESTOQUE] Ciclo finalizado. Total de atualizações enviadas: 0
2026-09-09T00:49:00.048-03:00  INFO 12340 --- [ecommerce] [scheduling-1] c.d.e.service.SincronizacaoService       : Lendo VW_ECOMMERCE_PRECOS no banco de dados...
2026-09-09T00:49:00.097-03:00  INFO 12340 --- [ecommerce] [scheduling-1] c.d.e.service.SincronizacaoService       : Ciclo finalizado. Total de atualizações enviadas: 0
2026-09-09T00:50:00.000-03:00  INFO 12340 --- [ecommerce] [scheduling-1] c.d.e.service.SincronizacaoService       : Lendo VW_ECOMMERCE_PRECOS no banco de dados...
2026-09-09T00:50:00.083-03:00  INFO 12340 --- [ecommerce] [scheduling-1] c.d.e.service.SincronizacaoService       : Ciclo finalizado. Total de atualizações enviadas: 0
2026-09-09T00:50:00.083-03:00  INFO 12340 --- [ecommerce] [scheduling-1] c.d.e.s.SincronizacaoEstoqueService      : [ESTOQUE] Lendo VW_ECOMMERCE_ESTOQUE no banco de dados...
2026-09-09T00:50:00.116-03:00  INFO 12340 --- [ecommerce] [scheduling-1] c.d.e.s.SincronizacaoEstoqueService      : [ESTOQUE] Ciclo finalizado. Total de atualizações enviadas: 0
2026-09-09T00:51:00.000-03:00  INFO 12340 --- [ecommerce] [scheduling-1] c.d.e.s.SincronizacaoEstoqueService      : [ESTOQUE] Lendo VW_ECOMMERCE_ESTOQUE no banco de dados...
2026-09-09T00:51:00.042-03:00  INFO 12340 --- [ecommerce] [scheduling-1] c.d.e.s.SincronizacaoEstoqueService      : [ESTOQUE] Ciclo finalizado. Total de atualizações enviadas: 0
2026-09-09T00:51:00.042-03:00  INFO 12340 --- [ecommerce] [scheduling-1] c.d.e.service.SincronizacaoService       : Lendo VW_ECOMMERCE_PRECOS no banco de dados...
2026-09-09T00:51:00.084-03:00  INFO 12340 --- [ecommerce] [scheduling-1] c.d.e.service.SincronizacaoService       : Ciclo finalizado. Total de atualizações enviadas: 0
2026-09-09T00:52:00.000-03:00  INFO 12340 --- [ecommerce] [scheduling-1] c.d.e.service.SincronizacaoService       : Lendo VW_ECOMMERCE_PRECOS no banco de dados...
2026-09-09T00:52:00.113-03:00  INFO 12340 --- [ecommerce] [scheduling-1] c.d.e.service.SincronizacaoService       : Ciclo finalizado. Total de atualizações enviadas: 0
2026-09-09T00:52:00.114-03:00  INFO 12340 --- [ecommerce] [scheduling-1] c.d.e.s.SincronizacaoEstoqueService      : [ESTOQUE] Lendo VW_ECOMMERCE_ESTOQUE no banco de dados...
2026-09-09T00:52:00.141-03:00  INFO 12340 --- [ecommerce] [scheduling-1] c.d.e.s.SincronizacaoEstoqueService      : [ESTOQUE] Ciclo finalizado. Total de atualizações enviadas: 0
2026-09-09T00:53:00.000-03:00  INFO 12340 --- [ecommerce] [scheduling-1] c.d.e.service.SincronizacaoService       : Lendo VW_ECOMMERCE_PRECOS no banco de dados...
2026-09-09T00:53:00.063-03:00  INFO 12340 --- [ecommerce] [scheduling-1] c.d.e.service.SincronizacaoService       : Ciclo finalizado. Total de atualizações enviadas: 0
2026-09-09T00:53:00.064-03:00  INFO 12340 --- [ecommerce] [scheduling-1] c.d.e.s.SincronizacaoEstoqueService      : [ESTOQUE] Lendo VW_ECOMMERCE_ESTOQUE no banco de dados...
2026-09-09T00:53:00.095-03:00  INFO 12340 --- [ecommerce] [scheduling-1] c.d.e.s.SincronizacaoEstoqueService      : [ESTOQUE] Ciclo finalizado. Total de atualizações enviadas: 0
2026-09-09T00:54:00.000-03:00  INFO 12340 --- [ecommerce] [scheduling-1] c.d.e.s.SincronizacaoEstoqueService      : [ESTOQUE] Lendo VW_ECOMMERCE_ESTOQUE no banco de dados...
2026-09-09T00:54:00.040-03:00  INFO 12340 --- [ecommerce] [scheduling-1] c.d.e.s.SincronizacaoEstoqueService      : [ESTOQUE] Ciclo finalizado. Total de atualizações enviadas: 0
2026-09-09T00:54:00.040-03:00  INFO 12340 --- [ecommerce] [scheduling-1] c.d.e.service.SincronizacaoService       : Lendo VW_ECOMMERCE_PRECOS no banco de dados...
2026-09-09T00:54:00.085-03:00  INFO 12340 --- [ecommerce] [scheduling-1] c.d.e.service.SincronizacaoService       : Ciclo finalizado. Total de atualizações enviadas: 0
2026-09-09T00:55:00.001-03:00  INFO 12340 --- [ecommerce] [scheduling-1] c.d.e.service.SincronizacaoService       : Lendo VW_ECOMMERCE_PRECOS no banco de dados...
2026-09-09T00:55:00.051-03:00  INFO 12340 --- [ecommerce] [scheduling-1] c.d.e.service.SincronizacaoService       : Ciclo finalizado. Total de atualizações enviadas: 0
2026-09-09T00:55:00.051-03:00  INFO 12340 --- [ecommerce] [scheduling-1] c.d.e.s.SincronizacaoEstoqueService      : [ESTOQUE] Lendo VW_ECOMMERCE_ESTOQUE no banco de dados...
2026-09-09T00:55:00.075-03:00  INFO 12340 --- [ecommerce] [scheduling-1] c.d.e.s.SincronizacaoEstoqueService      : [ESTOQUE] Ciclo finalizado. Total de atualizações enviadas: 0
2026-09-09T00:56:00.000-03:00  INFO 12340 --- [ecommerce] [scheduling-1] c.d.e.s.SincronizacaoEstoqueService      : [ESTOQUE] Lendo VW_ECOMMERCE_ESTOQUE no banco de dados...
2026-09-09T00:56:00.051-03:00  INFO 12340 --- [ecommerce] [scheduling-1] c.d.e.s.SincronizacaoEstoqueService      : [ESTOQUE] Ciclo finalizado. Total de atualizações enviadas: 0
2026-09-09T00:56:00.051-03:00  INFO 12340 --- [ecommerce] [scheduling-1] c.d.e.service.SincronizacaoService       : Lendo VW_ECOMMERCE_PRECOS no banco de dados...
2026-09-09T00:56:00.128-03:00  INFO 12340 --- [ecommerce] [scheduling-1] c.d.e.service.SincronizacaoService       : Ciclo finalizado. Total de atualizações enviadas: 0
2026-09-09T00:57:00.000-03:00  INFO 12340 --- [ecommerce] [scheduling-1] c.d.e.s.SincronizacaoEstoqueService      : [ESTOQUE] Lendo VW_ECOMMERCE_ESTOQUE no banco de dados...
2026-09-09T00:57:00.060-03:00  INFO 12340 --- [ecommerce] [scheduling-1] c.d.e.s.SincronizacaoEstoqueService      : [ESTOQUE] Ciclo finalizado. Total de atualizações enviadas: 0
2026-09-09T00:57:00.061-03:00  INFO 12340 --- [ecommerce] [scheduling-1] c.d.e.service.SincronizacaoService       : Lendo VW_ECOMMERCE_PRECOS no banco de dados...
2026-09-09T00:57:00.107-03:00  INFO 12340 --- [ecommerce] [scheduling-1] c.d.e.service.SincronizacaoService       : Ciclo finalizado. Total de atualizações enviadas: 0
2026-09-09T00:58:00.000-03:00  INFO 12340 --- [ecommerce] [scheduling-1] c.d.e.service.SincronizacaoService       : Lendo VW_ECOMMERCE_PRECOS no banco de dados...
2026-09-09T00:58:00.053-03:00  INFO 12340 --- [ecommerce] [scheduling-1] c.d.e.service.SincronizacaoService       : Ciclo finalizado. Total de atualizações enviadas: 0
2026-09-09T00:58:00.053-03:00  INFO 12340 --- [ecommerce] [scheduling-1] c.d.e.s.SincronizacaoEstoqueService      : [ESTOQUE] Lendo VW_ECOMMERCE_ESTOQUE no banco de dados...
2026-09-09T00:58:00.087-03:00  INFO 12340 --- [ecommerce] [scheduling-1] c.d.e.s.SincronizacaoEstoqueService      : [ESTOQUE] Ciclo finalizado. Total de atualizações enviadas: 0
2026-09-09T00:59:00.000-03:00  INFO 12340 --- [ecommerce] [scheduling-1] c.d.e.service.SincronizacaoService       : Lendo VW_ECOMMERCE_PRECOS no banco de dados...
2026-09-09T00:59:00.063-03:00  INFO 12340 --- [ecommerce] [scheduling-1] c.d.e.service.SincronizacaoService       : Ciclo finalizado. Total de atualizações enviadas: 0
2026-09-09T00:59:00.063-03:00  INFO 12340 --- [ecommerce] [scheduling-1] c.d.e.s.SincronizacaoEstoqueService      : [ESTOQUE] Lendo VW_ECOMMERCE_ESTOQUE no banco de dados...
2026-09-09T00:59:00.097-03:00  INFO 12340 --- [ecommerce] [scheduling-1] c.d.e.s.SincronizacaoEstoqueService      : [ESTOQUE] Ciclo finalizado. Total de atualizações enviadas: 0
2026-09-09T01:00:00.000-03:00  INFO 12340 --- [ecommerce] [scheduling-1] c.d.e.service.SincronizacaoService       : Lendo VW_ECOMMERCE_PRECOS no banco de dados...
2026-09-09T01:00:00.082-03:00  INFO 12340 --- [ecommerce] [scheduling-1] c.d.e.service.SincronizacaoService       : Ciclo finalizado. Total de atualizações enviadas: 0
2026-09-09T01:00:00.082-03:00  INFO 12340 --- [ecommerce] [scheduling-1] c.d.e.s.SincronizacaoEstoqueService      : [ESTOQUE] Lendo VW_ECOMMERCE_ESTOQUE no banco de dados...
2026-09-09T01:00:00.114-03:00  INFO 12340 --- [ecommerce] [scheduling-1] c.d.e.s.SincronizacaoEstoqueService      : [ESTOQUE] Ciclo finalizado. Total de atualizações enviadas: 0
2026-09-09T01:01:00.000-03:00  INFO 12340 --- [ecommerce] [scheduling-1] c.d.e.service.SincronizacaoService       : Lendo VW_ECOMMERCE_PRECOS no banco de dados...
2026-09-09T01:01:00.122-03:00  INFO 12340 --- [ecommerce] [scheduling-1] c.d.e.service.SincronizacaoService       : Ciclo finalizado. Total de atualizações enviadas: 0
2026-09-09T01:01:00.122-03:00  INFO 12340 --- [ecommerce] [scheduling-1] c.d.e.s.SincronizacaoEstoqueService      : [ESTOQUE] Lendo VW_ECOMMERCE_ESTOQUE no banco de dados...
2026-09-09T01:01:00.151-03:00  INFO 12340 --- [ecommerce] [scheduling-1] c.d.e.s.SincronizacaoEstoqueService      : [ESTOQUE] Ciclo finalizado. Total de atualizações enviadas: 0
2026-09-09T01:02:00.000-03:00  INFO 12340 --- [ecommerce] [scheduling-1] c.d.e.service.SincronizacaoService       : Lendo VW_ECOMMERCE_PRECOS no banco de dados...
2026-09-09T01:02:00.111-03:00  INFO 12340 --- [ecommerce] [scheduling-1] c.d.e.service.SincronizacaoService       : Ciclo finalizado. Total de atualizações enviadas: 0
2026-09-09T01:02:00.111-03:00  INFO 12340 --- [ecommerce] [scheduling-1] c.d.e.s.SincronizacaoEstoqueService      : [ESTOQUE] Lendo VW_ECOMMERCE_ESTOQUE no banco de dados...
2026-09-09T01:02:00.142-03:00  INFO 12340 --- [ecommerce] [scheduling-1] c.d.e.s.SincronizacaoEstoqueService      : [ESTOQUE] Ciclo finalizado. Total de atualizações enviadas: 0
2026-09-09T01:03:00.000-03:00  INFO 12340 --- [ecommerce] [scheduling-1] c.d.e.s.SincronizacaoEstoqueService      : [ESTOQUE] Lendo VW_ECOMMERCE_ESTOQUE no banco de dados...
2026-09-09T01:03:00.068-03:00  INFO 12340 --- [ecommerce] [scheduling-1] c.d.e.s.SincronizacaoEstoqueService      : [ESTOQUE] Ciclo finalizado. Total de atualizações enviadas: 0
2026-09-09T01:03:00.069-03:00  INFO 12340 --- [ecommerce] [scheduling-1] c.d.e.service.SincronizacaoService       : Lendo VW_ECOMMERCE_PRECOS no banco de dados...
2026-09-09T01:03:00.121-03:00  INFO 12340 --- [ecommerce] [scheduling-1] c.d.e.service.SincronizacaoService       : Ciclo finalizado. Total de atualizações enviadas: 0
2026-09-09T01:04:00.000-03:00  INFO 12340 --- [ecommerce] [scheduling-1] c.d.e.s.SincronizacaoEstoqueService      : [ESTOQUE] Lendo VW_ECOMMERCE_ESTOQUE no banco de dados...
2026-09-09T01:04:00.070-03:00  INFO 12340 --- [ecommerce] [scheduling-1] c.d.e.s.SincronizacaoEstoqueService      : [ESTOQUE] Ciclo finalizado. Total de atualizações enviadas: 0
2026-09-09T01:04:00.070-03:00  INFO 12340 --- [ecommerce] [scheduling-1] c.d.e.service.SincronizacaoService       : Lendo VW_ECOMMERCE_PRECOS no banco de dados...
2026-09-09T01:04:00.197-03:00  INFO 12340 --- [ecommerce] [scheduling-1] c.d.e.service.SincronizacaoService       : Ciclo finalizado. Total de atualizações enviadas: 0
2026-09-09T01:05:00.000-03:00  INFO 12340 --- [ecommerce] [scheduling-1] c.d.e.s.SincronizacaoEstoqueService      : [ESTOQUE] Lendo VW_ECOMMERCE_ESTOQUE no banco de dados...
2026-09-09T01:05:00.064-03:00  INFO 12340 --- [ecommerce] [scheduling-1] c.d.e.s.SincronizacaoEstoqueService      : [ESTOQUE] Ciclo finalizado. Total de atualizações enviadas: 0
2026-09-09T01:05:00.064-03:00  INFO 12340 --- [ecommerce] [scheduling-1] c.d.e.service.SincronizacaoService       : Lendo VW_ECOMMERCE_PRECOS no banco de dados...
2026-09-09T01:05:00.118-03:00  INFO 12340 --- [ecommerce] [scheduling-1] c.d.e.service.SincronizacaoService       : Ciclo finalizado. Total de atualizações enviadas: 0
2026-09-09T01:06:00.000-03:00  INFO 12340 --- [ecommerce] [scheduling-1] c.d.e.service.SincronizacaoService       : Lendo VW_ECOMMERCE_PRECOS no banco de dados...
2026-09-09T01:06:00.055-03:00  INFO 12340 --- [ecommerce] [scheduling-1] c.d.e.service.SincronizacaoService       : Ciclo finalizado. Total de atualizações enviadas: 0
2026-09-09T01:06:00.055-03:00  INFO 12340 --- [ecommerce] [scheduling-1] c.d.e.s.SincronizacaoEstoqueService      : [ESTOQUE] Lendo VW_ECOMMERCE_ESTOQUE no banco de dados...
2026-09-09T01:06:00.088-03:00  INFO 12340 --- [ecommerce] [scheduling-1] c.d.e.s.SincronizacaoEstoqueService      : [ESTOQUE] Ciclo finalizado. Total de atualizações enviadas: 0
2026-09-09T01:07:00.000-03:00  INFO 12340 --- [ecommerce] [scheduling-1] c.d.e.s.SincronizacaoEstoqueService      : [ESTOQUE] Lendo VW_ECOMMERCE_ESTOQUE no banco de dados...
2026-09-09T01:07:00.080-03:00  INFO 12340 --- [ecommerce] [scheduling-1] c.d.e.s.SincronizacaoEstoqueService      : [ESTOQUE] Ciclo finalizado. Total de atualizações enviadas: 0
2026-09-09T01:07:00.080-03:00  INFO 12340 --- [ecommerce] [scheduling-1] c.d.e.service.SincronizacaoService       : Lendo VW_ECOMMERCE_PRECOS no banco de dados...
2026-09-09T01:07:00.131-03:00  INFO 12340 --- [ecommerce] [scheduling-1] c.d.e.service.SincronizacaoService       : Ciclo finalizado. Total de atualizações enviadas: 0
2026-09-09T01:07:59.999-03:00  INFO 12340 --- [ecommerce] [scheduling-1] c.d.e.service.SincronizacaoService       : Lendo VW_ECOMMERCE_PRECOS no banco de dados...
2026-09-09T01:08:00.108-03:00  INFO 12340 --- [ecommerce] [scheduling-1] c.d.e.service.SincronizacaoService       : Ciclo finalizado. Total de atualizações enviadas: 0
2026-09-09T01:08:00.108-03:00  INFO 12340 --- [ecommerce] [scheduling-1] c.d.e.s.SincronizacaoEstoqueService      : [ESTOQUE] Lendo VW_ECOMMERCE_ESTOQUE no banco de dados...
2026-09-09T01:08:00.139-03:00  INFO 12340 --- [ecommerce] [scheduling-1] c.d.e.s.SincronizacaoEstoqueService      : [ESTOQUE] Ciclo finalizado. Total de atualizações enviadas: 0
2026-09-09T01:08:59.999-03:00  INFO 12340 --- [ecommerce] [scheduling-1] c.d.e.s.SincronizacaoEstoqueService      : [ESTOQUE] Lendo VW_ECOMMERCE_ESTOQUE no banco de dados...
2026-09-09T01:09:00.075-03:00  INFO 12340 --- [ecommerce] [scheduling-1] c.d.e.s.SincronizacaoEstoqueService      : [ESTOQUE] Ciclo finalizado. Total de atualizações enviadas: 0
2026-09-09T01:09:00.075-03:00  INFO 12340 --- [ecommerce] [scheduling-1] c.d.e.service.SincronizacaoService       : Lendo VW_ECOMMERCE_PRECOS no banco de dados...
2026-09-09T01:09:00.120-03:00  INFO 12340 --- [ecommerce] [scheduling-1] c.d.e.service.SincronizacaoService       : Ciclo finalizado. Total de atualizações enviadas: 0
2026-09-09T01:09:59.999-03:00  INFO 12340 --- [ecommerce] [scheduling-1] c.d.e.s.SincronizacaoEstoqueService      : [ESTOQUE] Lendo VW_ECOMMERCE_ESTOQUE no banco de dados...
2026-09-09T01:10:00.037-03:00  INFO 12340 --- [ecommerce] [scheduling-1] c.d.e.s.SincronizacaoEstoqueService      : [ESTOQUE] Ciclo finalizado. Total de atualizações enviadas: 0
2026-09-09T01:10:00.037-03:00  INFO 12340 --- [ecommerce] [scheduling-1] c.d.e.service.SincronizacaoService       : Lendo VW_ECOMMERCE_PRECOS no banco de dados...
2026-09-09T01:10:00.092-03:00  INFO 12340 --- [ecommerce] [scheduling-1] c.d.e.service.SincronizacaoService       : Ciclo finalizado. Total de atualizações enviadas: 0
2026-09-09T01:11:00.000-03:00  INFO 12340 --- [ecommerce] [scheduling-1] c.d.e.service.SincronizacaoService       : Lendo VW_ECOMMERCE_PRECOS no banco de dados...
2026-09-09T01:11:00.165-03:00  INFO 12340 --- [ecommerce] [scheduling-1] c.d.e.service.SincronizacaoService       : Ciclo finalizado. Total de atualizações enviadas: 0
2026-09-09T01:11:00.165-03:00  INFO 12340 --- [ecommerce] [scheduling-1] c.d.e.s.SincronizacaoEstoqueService      : [ESTOQUE] Lendo VW_ECOMMERCE_ESTOQUE no banco de dados...
2026-09-09T01:11:00.189-03:00  INFO 12340 --- [ecommerce] [scheduling-1] c.d.e.s.SincronizacaoEstoqueService      : [ESTOQUE] Ciclo finalizado. Total de atualizações enviadas: 0
2026-09-09T01:12:00.000-03:00  INFO 12340 --- [ecommerce] [scheduling-1] c.d.e.s.SincronizacaoEstoqueService      : [ESTOQUE] Lendo VW_ECOMMERCE_ESTOQUE no banco de dados...
2026-09-09T01:12:00.030-03:00  INFO 12340 --- [ecommerce] [scheduling-1] c.d.e.s.SincronizacaoEstoqueService      : [ESTOQUE] Ciclo finalizado. Total de atualizações enviadas: 0
2026-09-09T01:12:00.030-03:00  INFO 12340 --- [ecommerce] [scheduling-1] c.d.e.service.SincronizacaoService       : Lendo VW_ECOMMERCE_PRECOS no banco de dados...
2026-09-09T01:12:00.125-03:00  INFO 12340 --- [ecommerce] [scheduling-1] c.d.e.service.SincronizacaoService       : Ciclo finalizado. Total de atualizações enviadas: 0
2026-09-09T01:13:00.000-03:00  INFO 12340 --- [ecommerce] [scheduling-1] c.d.e.s.SincronizacaoEstoqueService      : [ESTOQUE] Lendo VW_ECOMMERCE_ESTOQUE no banco de dados...
2026-09-09T01:13:00.074-03:00  INFO 12340 --- [ecommerce] [scheduling-1] c.d.e.s.SincronizacaoEstoqueService      : [ESTOQUE] Ciclo finalizado. Total de atualizações enviadas: 0
2026-09-09T01:13:00.074-03:00  INFO 12340 --- [ecommerce] [scheduling-1] c.d.e.service.SincronizacaoService       : Lendo VW_ECOMMERCE_PRECOS no banco de dados...
2026-09-09T01:13:00.125-03:00  INFO 12340 --- [ecommerce] [scheduling-1] c.d.e.service.SincronizacaoService       : Ciclo finalizado. Total de atualizações enviadas: 0
2026-09-09T01:14:00.000-03:00  INFO 12340 --- [ecommerce] [scheduling-1] c.d.e.service.SincronizacaoService       : Lendo VW_ECOMMERCE_PRECOS no banco de dados...
2026-09-09T01:14:00.064-03:00  INFO 12340 --- [ecommerce] [scheduling-1] c.d.e.service.SincronizacaoService       : Ciclo finalizado. Total de atualizações enviadas: 0
2026-09-09T01:14:00.064-03:00  INFO 12340 --- [ecommerce] [scheduling-1] c.d.e.s.SincronizacaoEstoqueService      : [ESTOQUE] Lendo VW_ECOMMERCE_ESTOQUE no banco de dados...
2026-09-09T01:14:00.085-03:00  INFO 12340 --- [ecommerce] [scheduling-1] c.d.e.s.SincronizacaoEstoqueService      : [ESTOQUE] Ciclo finalizado. Total de atualizações enviadas: 0
2026-09-09T01:15:00.000-03:00  INFO 12340 --- [ecommerce] [scheduling-1] c.d.e.service.SincronizacaoService       : Lendo VW_ECOMMERCE_PRECOS no banco de dados...
2026-09-09T01:15:00.095-03:00  INFO 12340 --- [ecommerce] [scheduling-1] c.d.e.service.SincronizacaoService       : Ciclo finalizado. Total de atualizações enviadas: 0
2026-09-09T01:15:00.096-03:00  INFO 12340 --- [ecommerce] [scheduling-1] c.d.e.s.SincronizacaoEstoqueService      : [ESTOQUE] Lendo VW_ECOMMERCE_ESTOQUE no banco de dados...
2026-09-09T01:15:00.123-03:00  INFO 12340 --- [ecommerce] [scheduling-1] c.d.e.s.SincronizacaoEstoqueService      : [ESTOQUE] Ciclo finalizado. Total de atualizações enviadas: 0
2026-09-09T01:15:59.999-03:00  INFO 12340 --- [ecommerce] [scheduling-1] c.d.e.service.SincronizacaoService       : Lendo VW_ECOMMERCE_PRECOS no banco de dados...
2026-09-09T01:16:00.067-03:00  INFO 12340 --- [ecommerce] [scheduling-1] c.d.e.service.SincronizacaoService       : Ciclo finalizado. Total de atualizações enviadas: 0
2026-09-09T01:16:00.067-03:00  INFO 12340 --- [ecommerce] [scheduling-1] c.d.e.s.SincronizacaoEstoqueService      : [ESTOQUE] Lendo VW_ECOMMERCE_ESTOQUE no banco de dados...
2026-09-09T01:16:00.102-03:00  INFO 12340 --- [ecommerce] [scheduling-1] c.d.e.s.SincronizacaoEstoqueService      : [ESTOQUE] Ciclo finalizado. Total de atualizações enviadas: 0
2026-09-09T01:17:00.000-03:00  INFO 12340 --- [ecommerce] [scheduling-1] c.d.e.s.SincronizacaoEstoqueService      : [ESTOQUE] Lendo VW_ECOMMERCE_ESTOQUE no banco de dados...
2026-09-09T01:17:00.050-03:00  INFO 12340 --- [ecommerce] [scheduling-1] c.d.e.s.SincronizacaoEstoqueService      : [ESTOQUE] Ciclo finalizado. Total de atualizações enviadas: 0
2026-09-09T01:17:00.050-03:00  INFO 12340 --- [ecommerce] [scheduling-1] c.d.e.service.SincronizacaoService       : Lendo VW_ECOMMERCE_PRECOS no banco de dados...
2026-09-09T01:17:00.104-03:00  INFO 12340 --- [ecommerce] [scheduling-1] c.d.e.service.SincronizacaoService       : Ciclo finalizado. Total de atualizações enviadas: 0
2026-09-09T01:18:00.000-03:00  INFO 12340 --- [ecommerce] [scheduling-1] c.d.e.service.SincronizacaoService       : Lendo VW_ECOMMERCE_PRECOS no banco de dados...
2026-09-09T01:18:00.108-03:00  INFO 12340 --- [ecommerce] [scheduling-1] c.d.e.service.SincronizacaoService       : Ciclo finalizado. Total de atualizações enviadas: 0
2026-09-09T01:18:00.108-03:00  INFO 12340 --- [ecommerce] [scheduling-1] c.d.e.s.SincronizacaoEstoqueService      : [ESTOQUE] Lendo VW_ECOMMERCE_ESTOQUE no banco de dados...
2026-09-09T01:18:00.138-03:00  INFO 12340 --- [ecommerce] [scheduling-1] c.d.e.s.SincronizacaoEstoqueService      : [ESTOQUE] Ciclo finalizado. Total de atualizações enviadas: 0
2026-09-09T01:18:59.999-03:00  INFO 12340 --- [ecommerce] [scheduling-1] c.d.e.s.SincronizacaoEstoqueService      : [ESTOQUE] Lendo VW_ECOMMERCE_ESTOQUE no banco de dados...
2026-09-09T01:19:00.044-03:00  INFO 12340 --- [ecommerce] [scheduling-1] c.d.e.s.SincronizacaoEstoqueService      : [ESTOQUE] Ciclo finalizado. Total de atualizações enviadas: 0
2026-09-09T01:19:00.044-03:00  INFO 12340 --- [ecommerce] [scheduling-1] c.d.e.service.SincronizacaoService       : Lendo VW_ECOMMERCE_PRECOS no banco de dados...
2026-09-09T01:19:00.091-03:00  INFO 12340 --- [ecommerce] [scheduling-1] c.d.e.service.SincronizacaoService       : Ciclo finalizado. Total de atualizações enviadas: 0
2026-09-09T01:20:00.001-03:00  INFO 12340 --- [ecommerce] [scheduling-1] c.d.e.s.SincronizacaoEstoqueService      : [ESTOQUE] Lendo VW_ECOMMERCE_ESTOQUE no banco de dados...
2026-09-09T01:20:00.087-03:00  INFO 12340 --- [ecommerce] [scheduling-1] c.d.e.s.SincronizacaoEstoqueService      : [ESTOQUE] Ciclo finalizado. Total de atualizações enviadas: 0
2026-09-09T01:20:00.087-03:00  INFO 12340 --- [ecommerce] [scheduling-1] c.d.e.service.SincronizacaoService       : Lendo VW_ECOMMERCE_PRECOS no banco de dados...
2026-09-09T01:20:00.133-03:00  INFO 12340 --- [ecommerce] [scheduling-1] c.d.e.service.SincronizacaoService       : Ciclo finalizado. Total de atualizações enviadas: 0
2026-09-09T01:20:59.999-03:00  INFO 12340 --- [ecommerce] [scheduling-1] c.d.e.service.SincronizacaoService       : Lendo VW_ECOMMERCE_PRECOS no banco de dados...
2026-09-09T01:21:00.061-03:00  INFO 12340 --- [ecommerce] [scheduling-1] c.d.e.service.SincronizacaoService       : Ciclo finalizado. Total de atualizações enviadas: 0
2026-09-09T01:21:00.062-03:00  INFO 12340 --- [ecommerce] [scheduling-1] c.d.e.s.SincronizacaoEstoqueService      : [ESTOQUE] Lendo VW_ECOMMERCE_ESTOQUE no banco de dados...
2026-09-09T01:21:00.095-03:00  INFO 12340 --- [ecommerce] [scheduling-1] c.d.e.s.SincronizacaoEstoqueService      : [ESTOQUE] Ciclo finalizado. Total de atualizações enviadas: 0
2026-09-09T01:22:00.000-03:00  INFO 12340 --- [ecommerce] [scheduling-1] c.d.e.service.SincronizacaoService       : Lendo VW_ECOMMERCE_PRECOS no banco de dados...
2026-09-09T01:22:00.088-03:00  INFO 12340 --- [ecommerce] [scheduling-1] c.d.e.service.SincronizacaoService       : Ciclo finalizado. Total de atualizações enviadas: 0
2026-09-09T01:22:00.088-03:00  INFO 12340 --- [ecommerce] [scheduling-1] c.d.e.s.SincronizacaoEstoqueService      : [ESTOQUE] Lendo VW_ECOMMERCE_ESTOQUE no banco de dados...
2026-09-09T01:22:00.119-03:00  INFO 12340 --- [ecommerce] [scheduling-1] c.d.e.s.SincronizacaoEstoqueService      : [ESTOQUE] Ciclo finalizado. Total de atualizações enviadas: 0
2026-09-09T01:23:00.000-03:00  INFO 12340 --- [ecommerce] [scheduling-1] c.d.e.s.SincronizacaoEstoqueService      : [ESTOQUE] Lendo VW_ECOMMERCE_ESTOQUE no banco de dados...
2026-09-09T01:23:00.053-03:00  INFO 12340 --- [ecommerce] [scheduling-1] c.d.e.s.SincronizacaoEstoqueService      : [ESTOQUE] Ciclo finalizado. Total de atualizações enviadas: 0
2026-09-09T01:23:00.053-03:00  INFO 12340 --- [ecommerce] [scheduling-1] c.d.e.service.SincronizacaoService       : Lendo VW_ECOMMERCE_PRECOS no banco de dados...
2026-09-09T01:23:00.100-03:00  INFO 12340 --- [ecommerce] [scheduling-1] c.d.e.service.SincronizacaoService       : Ciclo finalizado. Total de atualizações enviadas: 0
2026-09-09T01:24:00.001-03:00  INFO 12340 --- [ecommerce] [scheduling-1] c.d.e.s.SincronizacaoEstoqueService      : [ESTOQUE] Lendo VW_ECOMMERCE_ESTOQUE no banco de dados...
2026-09-09T01:24:00.092-03:00  INFO 12340 --- [ecommerce] [scheduling-1] c.d.e.s.SincronizacaoEstoqueService      : [ESTOQUE] Ciclo finalizado. Total de atualizações enviadas: 0
2026-09-09T01:24:00.092-03:00  INFO 12340 --- [ecommerce] [scheduling-1] c.d.e.service.SincronizacaoService       : Lendo VW_ECOMMERCE_PRECOS no banco de dados...
2026-09-09T01:24:00.142-03:00  INFO 12340 --- [ecommerce] [scheduling-1] c.d.e.service.SincronizacaoService       : Ciclo finalizado. Total de atualizações enviadas: 0
2026-09-09T01:25:00.000-03:00  INFO 12340 --- [ecommerce] [scheduling-1] c.d.e.service.SincronizacaoService       : Lendo VW_ECOMMERCE_PRECOS no banco de dados...
2026-09-09T01:25:00.119-03:00  INFO 12340 --- [ecommerce] [scheduling-1] c.d.e.service.SincronizacaoService       : Ciclo finalizado. Total de atualizações enviadas: 0
2026-09-09T01:25:00.119-03:00  INFO 12340 --- [ecommerce] [scheduling-1] c.d.e.s.SincronizacaoEstoqueService      : [ESTOQUE] Lendo VW_ECOMMERCE_ESTOQUE no banco de dados...
2026-09-09T01:25:00.138-03:00  INFO 12340 --- [ecommerce] [scheduling-1] c.d.e.s.SincronizacaoEstoqueService      : [ESTOQUE] Ciclo finalizado. Total de atualizações enviadas: 0
2026-09-09T01:26:00.000-03:00  INFO 12340 --- [ecommerce] [scheduling-1] c.d.e.s.SincronizacaoEstoqueService      : [ESTOQUE] Lendo VW_ECOMMERCE_ESTOQUE no banco de dados...
2026-09-09T01:26:00.080-03:00  INFO 12340 --- [ecommerce] [scheduling-1] c.d.e.s.SincronizacaoEstoqueService      : [ESTOQUE] Ciclo finalizado. Total de atualizações enviadas: 0
2026-09-09T01:26:00.081-03:00  INFO 12340 --- [ecommerce] [scheduling-1] c.d.e.service.SincronizacaoService       : Lendo VW_ECOMMERCE_PRECOS no banco de dados...
2026-09-09T01:26:00.129-03:00  INFO 12340 --- [ecommerce] [scheduling-1] c.d.e.service.SincronizacaoService       : Ciclo finalizado. Total de atualizações enviadas: 0
2026-09-09T01:27:00.000-03:00  INFO 12340 --- [ecommerce] [scheduling-1] c.d.e.service.SincronizacaoService       : Lendo VW_ECOMMERCE_PRECOS no banco de dados...
2026-09-09T01:27:00.111-03:00  INFO 12340 --- [ecommerce] [scheduling-1] c.d.e.service.SincronizacaoService       : Ciclo finalizado. Total de atualizações enviadas: 0
2026-09-09T01:27:00.111-03:00  INFO 12340 --- [ecommerce] [scheduling-1] c.d.e.s.SincronizacaoEstoqueService      : [ESTOQUE] Lendo VW_ECOMMERCE_ESTOQUE no banco de dados...
2026-09-09T01:27:00.141-03:00  INFO 12340 --- [ecommerce] [scheduling-1] c.d.e.s.SincronizacaoEstoqueService      : [ESTOQUE] Ciclo finalizado. Total de atualizações enviadas: 0
2026-09-09T01:28:00.000-03:00  INFO 12340 --- [ecommerce] [scheduling-1] c.d.e.service.SincronizacaoService       : Lendo VW_ECOMMERCE_PRECOS no banco de dados...
2026-09-09T01:28:00.183-03:00  INFO 12340 --- [ecommerce] [scheduling-1] c.d.e.service.SincronizacaoService       : Ciclo finalizado. Total de atualizações enviadas: 0
2026-09-09T01:28:00.183-03:00  INFO 12340 --- [ecommerce] [scheduling-1] c.d.e.s.SincronizacaoEstoqueService      : [ESTOQUE] Lendo VW_ECOMMERCE_ESTOQUE no banco de dados...
2026-09-09T01:28:00.212-03:00  INFO 12340 --- [ecommerce] [scheduling-1] c.d.e.s.SincronizacaoEstoqueService      : [ESTOQUE] Ciclo finalizado. Total de atualizações enviadas: 0
2026-09-09T01:29:00.001-03:00  INFO 12340 --- [ecommerce] [scheduling-1] c.d.e.s.SincronizacaoEstoqueService      : [ESTOQUE] Lendo VW_ECOMMERCE_ESTOQUE no banco de dados...
2026-09-09T01:29:00.046-03:00  INFO 12340 --- [ecommerce] [scheduling-1] c.d.e.s.SincronizacaoEstoqueService      : [ESTOQUE] Ciclo finalizado. Total de atualizações enviadas: 0
2026-09-09T01:29:00.046-03:00  INFO 12340 --- [ecommerce] [scheduling-1] c.d.e.service.SincronizacaoService       : Lendo VW_ECOMMERCE_PRECOS no banco de dados...
2026-09-09T01:29:00.099-03:00  INFO 12340 --- [ecommerce] [scheduling-1] c.d.e.service.SincronizacaoService       : Ciclo finalizado. Total de atualizações enviadas: 0
